0
Traceback (most recent call last):
  File "C:\Users\firda\belajar\ISE711\DeepOPF-Codes-main\DeepOPF+\2.sufficient_DNN_size\mainsolve6.py", line 1505, in <module>
    model.load_state_dict(torch.load(dir+'PreDCOPF_case30_0.93_dnn.pth',map_location='cpu'))     
                          ^^^^^^^^^^^^^^^^^^^^^^^^^^^^^^^^^^^^^^^^^^^^^^^^^^^^^^^^^^^^^^^^^
  File "C:\Users\firda\AppData\Roaming\Python\Python312\site-packages\torch\serialization.py", line 1479, in load
    with _open_file_like(f, "rb") as opened_file:
         ^^^^^^^^^^^^^^^^^^^^^^^^
  File "C:\Users\firda\AppData\Roaming\Python\Python312\site-packages\torch\serialization.py", line 759, in _open_file_like
    return _open_file(name_or_buffer, mode)
           ^^^^^^^^^^^^^^^^^^^^^^^^^^^^^^^^
  File "C:\Users\firda\AppData\Roaming\Python\Python312\site-packages\torch\serialization.py", line 740, in __init__
    super().__init__(open(name, mode))
                     ^^^^^^^^^^^^^^^^
FileNotFoundError: [Errno 2] No such file or directory: './S-PTH/PreDCOPF_case30_0.93_dnn.pth'
0
Traceback (most recent call last):
  File "C:\Users\firda\belajar\ISE711\DeepOPF-Codes-main\DeepOPF+\2.sufficient_DNN_size\mainsolve6.py", line 1505, in <module>
    model.load_state_dict(torch.load(dir+'PreDCOPF_case30_0.93_dnn.pth',map_location='cpu'))     
                          ^^^^^^^^^^^^^^^^^^^^^^^^^^^^^^^^^^^^^^^^^^^^^^^^^^^^^^^^^^^^^^^^^
  File "C:\Users\firda\AppData\Roaming\Python\Python312\site-packages\torch\serialization.py", line 1479, in load
    with _open_file_like(f, "rb") as opened_file:
         ^^^^^^^^^^^^^^^^^^^^^^^^
  File "C:\Users\firda\AppData\Roaming\Python\Python312\site-packages\torch\serialization.py", line 759, in _open_file_like
    return _open_file(name_or_buffer, mode)
           ^^^^^^^^^^^^^^^^^^^^^^^^^^^^^^^^
  File "C:\Users\firda\AppData\Roaming\Python\Python312\site-packages\torch\serialization.py", line 740, in __init__
    super().__init__(open(name, mode))
                     ^^^^^^^^^^^^^^^^
FileNotFoundError: [Errno 2] No such file or directory: './S-PTH/PreDCOPF_case30_0.93_dnn.pth'
Traceback (most recent call last):
  File "C:\Users\firda\belajar\ISE711\DeepOPF-Codes-main\DeepOPF+\2.sufficient_DNN_size\s-main2.py", line 197, in <module>
    model.load_state_dict(torch.load(dir+'PreDCOPF_case30_0.93_dnn.pth',map_location='cpu'))     
                          ^^^^^^^^^^^^^^^^^^^^^^^^^^^^^^^^^^^^^^^^^^^^^^^^^^^^^^^^^^^^^^^^^
  File "C:\Users\firda\AppData\Roaming\Python\Python312\site-packages\torch\serialization.py", line 1479, in load
    with _open_file_like(f, "rb") as opened_file:
         ^^^^^^^^^^^^^^^^^^^^^^^^
  File "C:\Users\firda\AppData\Roaming\Python\Python312\site-packages\torch\serialization.py", line 759, in _open_file_like
    return _open_file(name_or_buffer, mode)
           ^^^^^^^^^^^^^^^^^^^^^^^^^^^^^^^^
  File "C:\Users\firda\AppData\Roaming\Python\Python312\site-packages\torch\serialization.py", line 740, in __init__
    super().__init__(open(name, mode))
                     ^^^^^^^^^^^^^^^^
FileNotFoundError: [Errno 2] No such file or directory: './S-PTH/PreDCOPF_case30_0.93_dnn.pth'
